INFO:root:10
WARNING:root:200
CRITICAL:root:2.0
INFO:root:10
WARNING:root:200
CRITICAL:root:2.0
INFO:root:10
WARNING:root:200
CRITICAL:root:2.0
